{"synthetic": false,
 "schemaVersion": "2025-09-10",
 "outputs":
 {"o": ["5e7949bac4de906c.olean"],
  "m": false,
  "i": "c500d4813585af47.ilean",
  "c": "e0e9d86e8615f0c3.c"},
 "log":
 [{"message":
   ".> LEAN_PATH=/root/herakles/repos-leanpy/lean/.lake/build/lib/lean /root/.elan/toolchains/leanprover--lean4---v4.33.1/bin/lean /root/herakles/repos-leanpy/lean/AksonNoron.lean -o /root/herakles/repos-leanpy/lean/.lake/build/lib/lean/AksonNoron.olean -i /root/herakles/repos-leanpy/lean/.lake/build/lib/lean/AksonNoron.ilean -c /root/herakles/repos-leanpy/lean/.lake/build/ir/AksonNoron.c --setup /root/herakles/repos-leanpy/lean/.lake/build/ir/AksonNoron.setup.json --json",
   "level": "trace"}],
 "inputs":
 [["deps",
   [["leanpy/LeanPy:extraDep", [["@leanpy:extraDep", "00000000000006bb"]]],
    ["imports", "00000000000006bb"]]],
  ["libs",
   [["import dynlibs", "00000000000006bb"],
    ["package external libraries", "00000000000006bb"],
    ["module dynlibs", "00000000000006bb"],
    ["module plugins", "00000000000006bb"]]],
  ["Lean 4.33.1, commit 819816b2e0a3bf405af45ae5c7af2491d8f5bee6",
   "0051240b7c23c453"],
  ["/root/herakles/repos-leanpy/lean/AksonNoron.lean", "c00cebc9d85b2e90"],
  ["options", "00000000000006bb"],
  ["isModule: false", "feefd2a0d3a1847e"],
  ["Module.name: AksonNoron", "daf03c744c51cfa9"],
  ["Package.id?: (some leanpy)", "8ce30c873f87fc60"],
  ["Module.leanArgs: #[]", "00000000000006bb"]],
 "depHash": "a66167454da1887e"}