{"synthetic": false,
 "schemaVersion": "2025-09-10",
 "outputs":
 {"o": ["dd3990b094879dd6.olean"],
  "m": false,
  "i": "8b1765b97bd77e6f.ilean",
  "c": "68ca7b30962b876b.c"},
 "log":
 [{"message":
   ".> LEAN_PATH=/root/herakles/repos-leanpy/lean/.lake/build/lib/lean /root/.elan/toolchains/leanprover--lean4---v4.33.1/bin/lean /root/herakles/repos-leanpy/lean/BMH.lean -o /root/herakles/repos-leanpy/lean/.lake/build/lib/lean/BMH.olean -i /root/herakles/repos-leanpy/lean/.lake/build/lib/lean/BMH.ilean -c /root/herakles/repos-leanpy/lean/.lake/build/ir/BMH.c --setup /root/herakles/repos-leanpy/lean/.lake/build/ir/BMH.setup.json --json",
   "level": "trace"}],
 "inputs":
 [["deps",
   [["leanpy/LeanPy:extraDep", [["@leanpy:extraDep", "00000000000006bb"]]],
    ["imports", "00000000000006bb"]]],
  ["libs",
   [["import dynlibs", "00000000000006bb"],
    ["package external libraries", "00000000000006bb"],
    ["module dynlibs", "00000000000006bb"],
    ["module plugins", "00000000000006bb"]]],
  ["Lean 4.33.1, commit 819816b2e0a3bf405af45ae5c7af2491d8f5bee6",
   "0051240b7c23c453"],
  ["/root/herakles/repos-leanpy/lean/BMH.lean", "02d48511b5a8a3b2"],
  ["options", "00000000000006bb"],
  ["isModule: false", "feefd2a0d3a1847e"],
  ["Module.name: BMH", "881268864699516b"],
  ["Package.id?: (some leanpy)", "8ce30c873f87fc60"],
  ["Module.leanArgs: #[]", "00000000000006bb"]],
 "depHash": "04b97040522431ca"}