{"synthetic": false,
 "schemaVersion": "2025-09-10",
 "outputs":
 {"o": ["4173a1096c9616d0.olean"],
  "m": false,
  "i": "cd586da2c5847d7d.ilean",
  "c": "c41f1d2c47c5401d.c"},
 "log":
 [{"message":
   ".> LEAN_PATH=/root/herakles/repos-leanpy/lean/.lake/build/lib/lean /root/.elan/toolchains/leanprover--lean4---v4.33.1/bin/lean /root/herakles/repos-leanpy/lean/HeraklesBirlesik.lean -o /root/herakles/repos-leanpy/lean/.lake/build/lib/lean/HeraklesBirlesik.olean -i /root/herakles/repos-leanpy/lean/.lake/build/lib/lean/HeraklesBirlesik.ilean -c /root/herakles/repos-leanpy/lean/.lake/build/ir/HeraklesBirlesik.c --setup /root/herakles/repos-leanpy/lean/.lake/build/ir/HeraklesBirlesik.setup.json --json",
   "level": "trace"}],
 "inputs":
 [["deps",
   [["leanpy/LeanPy:extraDep", [["@leanpy:extraDep", "00000000000006bb"]]],
    ["imports", "00000000000006bb"]]],
  ["libs",
   [["import dynlibs", "00000000000006bb"],
    ["package external libraries", "00000000000006bb"],
    ["module dynlibs", "00000000000006bb"],
    ["module plugins", "00000000000006bb"]]],
  ["Lean 4.33.1, commit 819816b2e0a3bf405af45ae5c7af2491d8f5bee6",
   "0051240b7c23c453"],
  ["/root/herakles/repos-leanpy/lean/HeraklesBirlesik.lean",
   "427bf0f42b4bb7f3"],
  ["options", "00000000000006bb"],
  ["isModule: false", "feefd2a0d3a1847e"],
  ["Module.name: HeraklesBirlesik", "49aa13026b3bcfef"],
  ["Package.id?: (some leanpy)", "8ce30c873f87fc60"],
  ["Module.leanArgs: #[]", "00000000000006bb"]],
 "depHash": "19d9b2f029a8e610"}