{"synthetic": false,
 "schemaVersion": "2025-09-10",
 "outputs":
 {"o": ["b0b59ea2aca6cfad.olean"],
  "m": false,
  "i": "2d446cc8e250058e.ilean",
  "c": "b31f18e4e535f308.c"},
 "log":
 [{"message":
   ".> LEAN_PATH=/root/herakles/repos-leanpy/lean/.lake/build/lib/lean /root/.elan/toolchains/leanprover--lean4---v4.33.1/bin/lean /root/herakles/repos-leanpy/lean/LobiFaz.lean -o /root/herakles/repos-leanpy/lean/.lake/build/lib/lean/LobiFaz.olean -i /root/herakles/repos-leanpy/lean/.lake/build/lib/lean/LobiFaz.ilean -c /root/herakles/repos-leanpy/lean/.lake/build/ir/LobiFaz.c --setup /root/herakles/repos-leanpy/lean/.lake/build/ir/LobiFaz.setup.json --json",
   "level": "trace"}],
 "inputs":
 [["deps",
   [["leanpy/LeanPy:extraDep", [["@leanpy:extraDep", "00000000000006bb"]]],
    ["imports", "00000000000006bb"]]],
  ["libs",
   [["import dynlibs", "00000000000006bb"],
    ["package external libraries", "00000000000006bb"],
    ["module dynlibs", "00000000000006bb"],
    ["module plugins", "00000000000006bb"]]],
  ["Lean 4.33.1, commit 819816b2e0a3bf405af45ae5c7af2491d8f5bee6",
   "0051240b7c23c453"],
  ["/root/herakles/repos-leanpy/lean/LobiFaz.lean", "89a68e0821ce1e20"],
  ["options", "00000000000006bb"],
  ["isModule: false", "feefd2a0d3a1847e"],
  ["Module.name: LobiFaz", "7efe8616ad1aef39"],
  ["Package.id?: (some leanpy)", "8ce30c873f87fc60"],
  ["Module.leanArgs: #[]", "00000000000006bb"]],
 "depHash": "b4d46f7e98ad9d42"}