{"synthetic": false,
 "schemaVersion": "2025-09-10",
 "outputs":
 {"o": ["cb45c45d6c5ffb27.olean"],
  "m": false,
  "i": "d64b510d4ab5d777.ilean",
  "c": "57c59d5a1b4bf2cc.c"},
 "log":
 [{"message":
   ".> LEAN_PATH=/root/herakles/repos-leanpy/lean/.lake/build/lib/lean /root/.elan/toolchains/leanprover--lean4---v4.33.1/bin/lean /root/herakles/repos-leanpy/lean/MatematikProjesi.lean -o /root/herakles/repos-leanpy/lean/.lake/build/lib/lean/MatematikProjesi.olean -i /root/herakles/repos-leanpy/lean/.lake/build/lib/lean/MatematikProjesi.ilean -c /root/herakles/repos-leanpy/lean/.lake/build/ir/MatematikProjesi.c --setup /root/herakles/repos-leanpy/lean/.lake/build/ir/MatematikProjesi.setup.json --json",
   "level": "trace"}],
 "inputs":
 [["deps",
   [["leanpy/LeanPy:extraDep", [["@leanpy:extraDep", "00000000000006bb"]]],
    ["imports", "00000000000006bb"]]],
  ["libs",
   [["import dynlibs", "00000000000006bb"],
    ["package external libraries", "00000000000006bb"],
    ["module dynlibs", "00000000000006bb"],
    ["module plugins", "00000000000006bb"]]],
  ["Lean 4.33.1, commit 819816b2e0a3bf405af45ae5c7af2491d8f5bee6",
   "0051240b7c23c453"],
  ["/root/herakles/repos-leanpy/lean/MatematikProjesi.lean",
   "ab6510597cd9cfd6"],
  ["options", "00000000000006bb"],
  ["isModule: false", "feefd2a0d3a1847e"],
  ["Module.name: MatematikProjesi", "0eef6d7e67b9b0e5"],
  ["Package.id?: (some leanpy)", "8ce30c873f87fc60"],
  ["Module.leanArgs: #[]", "00000000000006bb"]],
 "depHash": "31cb46643f3af5da"}